// Jest Snapshot v1, https://goo.gl/fbAQLP

exports[`Card component to render 1`] = `1`;
