// Jest Snapshot v1, https://goo.gl/fbAQLP

exports[`should render CounterButton component 1`] = `ShallowWrapper {}`;
